.\venv\Scripts\python
 : Traceback (most 
recent call last):
At line:1 char:1
+ .\venv\Scripts\pyth
on manage.py migrate 
2> error_log.txt
+ ~~~~~~~~~~~~~~~~~~~
~~~~~~~~~~~~~~~~~~~~~
~~~~~~~~~~~~~~~~
    + CategoryInfo   
           : NotSpe  
  cified: (Traceba   
 ck (most recent     
call last)::Stri    
ng) [], RemoteEx    
ception
    + FullyQualified 
   ErrorId : Native  
  CommandError
 
  File "C:\Users\lare
d\OneDrive\Desktop\Ro
uteMind___full versio
n\backend\venv\Lib\si
te-packages\django\db
\backends\utils.py", 
line 105, in _execute
    return self.curso
r.execute(sql, 
params)
           ~~~~~~~~~~
~~~~~~~~~^^^^^^^^^^^^
^
  File "C:\Users\lare
d\OneDrive\Desktop\Ro
uteMind___full versio
n\backend\venv\Lib\si
te-packages\django\db
\backends\sqlite3\bas
e.py", line 359, in 
execute
    return super().ex
ecute(query, params)
           ~~~~~~~~~~
~~~~~^^^^^^^^^^^^^^^
sqlite3.IntegrityErro
r: UNIQUE constraint 
failed: logistics_pri
cingrule.service_type
_id, logistics_pricin
grule.destination_id

The above exception 
was the direct cause 
of the following 
exception:

Traceback (most 
recent call last):
  File "C:\Users\lare
d\OneDrive\Desktop\Ro
uteMind___full versio
n\backend\manage.py",
 line 22, in <module>
    main()
    ~~~~^^
  File "C:\Users\lare
d\OneDrive\Desktop\Ro
uteMind___full versio
n\backend\manage.py",
 line 18, in main
    execute_from_comm
and_line(sys.argv)
    ~~~~~~~~~~~~~~~~~
~~~~~~~~^^^^^^^^^^
  File "C:\Users\lare
d\OneDrive\Desktop\Ro
uteMind___full versio
n\backend\venv\Lib\si
te-packages\django\co
re\management\__init_
_.py", line 443, in e
xecute_from_command_l
ine
    utility.execute()
    ~~~~~~~~~~~~~~~^^
  File "C:\Users\lare
d\OneDrive\Desktop\Ro
uteMind___full versio
n\backend\venv\Lib\si
te-packages\django\co
re\management\__init_
_.py", line 437, in 
execute
    self.fetch_comman
d(subcommand).run_fro
m_argv(self.argv)
    ~~~~~~~~~~~~~~~~~
~~~~~~~~~~~~~~~~~~~~~
~~~~~~^^^^^^^^^^^
  File "C:\Users\lare
d\OneDrive\Desktop\Ro
uteMind___full versio
n\backend\venv\Lib\si
te-packages\django\co
re\management\base.py
", line 416, in 
run_from_argv
    
self.execute(*args, 
**cmd_options)
    ~~~~~~~~~~~~^^^^^
^^^^^^^^^^^^^^^^^
  File "C:\Users\lare
d\OneDrive\Desktop\Ro
uteMind___full versio
n\backend\venv\Lib\si
te-packages\django\co
re\management\base.py
", line 460, in 
execute
    output = 
self.handle(*args, 
**options)
  File "C:\Users\lare
d\OneDrive\Desktop\Ro
uteMind___full versio
n\backend\venv\Lib\si
te-packages\django\co
re\management\base.py
", line 107, in 
wrapper
    res = 
handle_func(*args, 
**kwargs)
  File "C:\Users\lare
d\OneDrive\Desktop\Ro
uteMind___full versio
n\backend\venv\Lib\si
te-packages\django\co
re\management\command
s\migrate.py", line 
354, in handle
    
post_migrate_state = 
executor.migrate(
        targets,
    ...<3 lines>...
        fake_initial=
fake_initial,
    )
  File "C:\Users\lare
d\OneDrive\Desktop\Ro
uteMind___full versio
n\backend\venv\Lib\si
te-packages\django\db
\migrations\executor.
py", line 137, in 
migrate
    state = self._mig
rate_all_forwards(
        state, plan, 
full_plan, 
fake=fake, fake_initi
al=fake_initial
    )
  File "C:\Users\lare
d\OneDrive\Desktop\Ro
uteMind___full versio
n\backend\venv\Lib\si
te-packages\django\db
\migrations\executor.
py", line 169, in 
_migrate_all_forwards
    state = 
self.apply_migration(
        state, 
migration, 
fake=fake, fake_initi
al=fake_initial
    )
  File "C:\Users\lare
d\OneDrive\Desktop\Ro
uteMind___full versio
n\backend\venv\Lib\si
te-packages\django\db
\migrations\executor.
py", line 257, in 
apply_migration
    state = migration
.apply(state, 
schema_editor)
  File "C:\Users\lare
d\OneDrive\Desktop\Ro
uteMind___full versio
n\backend\venv\Lib\si
te-packages\django\db
\migrations\migration
.py", line 132, in 
apply
    operation.databas
e_forwards(
    ~~~~~~~~~~~~~~~~~
~~~~~~~~~~^
        
self.app_label, 
schema_editor, 
old_state, 
project_state
        ^^^^^^^^^^^^^
^^^^^^^^^^^^^^^^^^^^^
^^^^^^^^^^^^^^^^^^^^^
    )
    ^
  File "C:\Users\lare
d\OneDrive\Desktop\Ro
uteMind___full versio
n\backend\venv\Lib\si
te-packages\django\db
\migrations\operation
s\models.py", line 
669, in 
database_forwards
    alter_together(
    ~~~~~~~~~~~~~~^
        new_model,
        ^^^^^^^^^^
        from_model_st
ate.options.get(self.
option_name) or 
set(),
        ^^^^^^^^^^^^^
^^^^^^^^^^^^^^^^^^^^^
^^^^^^^^^^^^^^^^^^^^^
^
        to_model_stat
e.options.get(self.op
tion_name) or set(),
        ^^^^^^^^^^^^^
^^^^^^^^^^^^^^^^^^^^^
^^^^^^^^^^^^^^^^^^^^
    )
    ^
  File "C:\Users\lare
d\OneDrive\Desktop\Ro
uteMind___full versio
n\backend\venv\Lib\si
te-packages\django\db
\backends\base\schema
.py", line 624, in 
alter_unique_together
    self.execute(self
._create_unique_sql(m
odel, fields))
    ~~~~~~~~~~~~^^^^^
^^^^^^^^^^^^^^^^^^^^^
^^^^^^^^^^^^^^
  File "C:\Users\lare
d\OneDrive\Desktop\Ro
uteMind___full versio
n\backend\venv\Lib\si
te-packages\django\db
\backends\base\schema
.py", line 205, in 
execute
    
cursor.execute(sql, 
params)
    ~~~~~~~~~~~~~~^^^
^^^^^^^^^^
  File "C:\Users\lare
d\OneDrive\Desktop\Ro
uteMind___full versio
n\backend\venv\Lib\si
te-packages\django\db
\backends\utils.py", 
line 122, in execute
    return 
super().execute(sql, 
params)
           ~~~~~~~~~~
~~~~~^^^^^^^^^^^^^
  File "C:\Users\lare
d\OneDrive\Desktop\Ro
uteMind___full versio
n\backend\venv\Lib\si
te-packages\django\db
\backends\utils.py", 
line 79, in execute
    return self._exec
ute_with_wrappers(
           ~~~~~~~~~~
~~~~~~~~~~~~~~~~~^
        sql, params, 
many=False, executor=
self._execute
        ^^^^^^^^^^^^^
^^^^^^^^^^^^^^^^^^^^^
^^^^^^^^^^^^^
    )
    ^
  File "C:\Users\lare
d\OneDrive\Desktop\Ro
uteMind___full versio
n\backend\venv\Lib\si
te-packages\django\db
\backends\utils.py", 
line 92, in _execute_
with_wrappers
    return 
executor(sql, 
params, many, 
context)
  File "C:\Users\lare
d\OneDrive\Desktop\Ro
uteMind___full versio
n\backend\venv\Lib\si
te-packages\django\db
\backends\utils.py", 
line 100, in _execute
    with self.db.wrap
_database_errors:
         ^^^^^^^^^^^^
^^^^^^^^^^^^^^^^
  File "C:\Users\lare
d\OneDrive\Desktop\Ro
uteMind___full versio
n\backend\venv\Lib\si
te-packages\django\db
\utils.py", line 94, 
in __exit__
    raise dj_exc_valu
e.with_traceback(trac
eback) from exc_value
  File "C:\Users\lare
d\OneDrive\Desktop\Ro
uteMind___full versio
n\backend\venv\Lib\si
te-packages\django\db
\backends\utils.py", 
line 105, in _execute
    return self.curso
r.execute(sql, 
params)
           ~~~~~~~~~~
~~~~~~~~~^^^^^^^^^^^^
^
  File "C:\Users\lare
d\OneDrive\Desktop\Ro
uteMind___full versio
n\backend\venv\Lib\si
te-packages\django\db
\backends\sqlite3\bas
e.py", line 359, in 
execute
    return super().ex
ecute(query, params)
           ~~~~~~~~~~
~~~~~^^^^^^^^^^^^^^^
django.db.utils.Integ
rityError: UNIQUE 
constraint failed: lo
gistics_pricingrule.s
ervice_type_id, logis
tics_pricingrule.dest
ination_id
